Símbolo         Valor Decimal   Valor Hexadecimal
-------         -------------   -----------------
_APP                      256                 100
_SISTEMA                  128                  80
KBHIT                       0                   0
GETCHAR                     1                   1
GETTIME                     2                   2
PUTCHAR                     3                   3
PUTMSG                      4                   4
ENTER                      13                   D
BACKSPACE                   8                   8
ESPACO                     32                  20
NUMERO0                    48                  30
NUMERO9                    57                  39
LETRAAM                    65                  41
JMAIUS                     74                  4A
TMAIUS                     84                  54
LETRAZM                    90                  5A
LETRAA                     97                  61
JMIN                      106                  6A
TMIN                      116                  74
LETRAZ                    122                  7A
UNDERSCORE                 95                  5F
INICIOVISOR             65500                FFDC
LOOPINICIAL               260                 104
CHECK1                    282                 11A
INICIOETAPA3              300                 12C
PASSOINDICE               336                 150
DESLOCADO                 350                 15E
MAIN                      364                 16C
ROTINADIGITO              432                 1B0
ROTINABACKSPACE           462                 1CE
ENCERRAMENTO              498                 1F2
CORRECAO                  522                 20A
FIM                       538                 21A
ACERTO                    548                 224
ERRO                      552                 228
LOOPCENTENA               574                 23E
MENORQUECEM               588                 24C
LOOPDEZENA                610                 262
MENORQUEDEZ               624                 270
UNIDADES                  646                 286
JOGARDENOVO               664                 298
PERGUNTA                  692                 2B4
PULO1                     712                 2C8
PULO2                     732                 2DC
HALT                      740                 2E4
LIMPAVISOR               1536                 600
STRINGSINICIAIS          1573                 625
TEMPOINICIAL             1832                 728
TEMPOFINAL               1834                 72A
SEQUENCIASTEXTO          1836                 72C
CERTO                    2044                 7FC
ERRADO                   2062                 80E
MENSAGEMFINAL            2080                 820
ENCERRADO                2117                 845
